[2024-03-09T09:00:52.237997-06:00] surtifarma.ERROR: mensaje: SQLSTATE[HY000] [2002] No se puede establecer una conexión ya que el equipo de destino denegó expresamente dicha conexión, archivo: C:\xampp82\htdocs\surtifarma_admin\Libraries\Core\Conexion.php, linea: 18, codigo: 2002 [] []
[2024-03-09T09:00:55.455375-06:00] surtifarma.ERROR: mensaje: SQLSTATE[HY000] [2002] No se puede establecer una conexión ya que el equipo de destino denegó expresamente dicha conexión, archivo: C:\xampp82\htdocs\surtifarma_admin\Libraries\Core\Conexion.php, linea: 18, codigo: 2002 [] []
[2024-03-09T09:00:56.396192-06:00] surtifarma.ERROR: mensaje: SQLSTATE[HY000] [2002] No se puede establecer una conexión ya que el equipo de destino denegó expresamente dicha conexión, archivo: C:\xampp82\htdocs\surtifarma_admin\Libraries\Core\Conexion.php, linea: 18, codigo: 2002 [] []
[2024-03-09T09:00:56.397311-06:00] surtifarma.ERROR: mensaje: Call to a member function prepare() on null, archivo: C:\xampp82\htdocs\surtifarma_admin\Libraries\Core\Mysql.php, linea: 125, codigo: 0 [] []
[2024-03-09T09:01:00.495407-06:00] surtifarma.ERROR: mensaje: SQLSTATE[HY000] [2002] No se puede establecer una conexión ya que el equipo de destino denegó expresamente dicha conexión, archivo: C:\xampp82\htdocs\surtifarma_admin\Libraries\Core\Conexion.php, linea: 18, codigo: 2002 [] []
[2024-03-09T09:01:00.496506-06:00] surtifarma.ERROR: mensaje: Call to a member function prepare() on null, archivo: C:\xampp82\htdocs\surtifarma_admin\Libraries\Core\Mysql.php, linea: 125, codigo: 0 [] []
[2024-03-09T09:01:03.821205-06:00] surtifarma.ERROR: mensaje: SQLSTATE[HY000] [2002] No se puede establecer una conexión ya que el equipo de destino denegó expresamente dicha conexión, archivo: C:\xampp82\htdocs\surtifarma_admin\Libraries\Core\Conexion.php, linea: 18, codigo: 2002 [] []
[2024-03-09T09:01:05.914626-06:00] surtifarma.ERROR: mensaje: SQLSTATE[HY000] [2002] No se puede establecer una conexión ya que el equipo de destino denegó expresamente dicha conexión, archivo: C:\xampp82\htdocs\surtifarma_admin\Libraries\Core\Conexion.php, linea: 18, codigo: 2002 [] []
[2024-03-09T09:01:06.037907-06:00] surtifarma.ERROR: mensaje: SQLSTATE[HY000] [2002] No se puede establecer una conexión ya que el equipo de destino denegó expresamente dicha conexión, archivo: C:\xampp82\htdocs\surtifarma_admin\Libraries\Core\Conexion.php, linea: 18, codigo: 2002 [] []
[2024-03-09T09:01:10.012645-06:00] surtifarma.ERROR: mensaje: SQLSTATE[HY000] [2002] No se puede establecer una conexión ya que el equipo de destino denegó expresamente dicha conexión, archivo: C:\xampp82\htdocs\surtifarma_admin\Libraries\Core\Conexion.php, linea: 18, codigo: 2002 [] []
[2024-03-09T09:01:10.013791-06:00] surtifarma.ERROR: mensaje: Call to a member function prepare() on null, archivo: C:\xampp82\htdocs\surtifarma_admin\Libraries\Core\Mysql.php, linea: 125, codigo: 0 [] []
[2024-03-09T09:01:55.881591-06:00] surtifarma.ERROR: mensaje: SQLSTATE[HY000] [2002] No se puede establecer una conexión ya que el equipo de destino denegó expresamente dicha conexión, archivo: C:\xampp82\htdocs\surtifarma_admin\Libraries\Core\Conexion.php, linea: 18, codigo: 2002 [] []
[2024-03-09T09:01:59.024016-06:00] surtifarma.ERROR: mensaje: SQLSTATE[HY000] [2002] No se puede establecer una conexión ya que el equipo de destino denegó expresamente dicha conexión, archivo: C:\xampp82\htdocs\surtifarma_admin\Libraries\Core\Conexion.php, linea: 18, codigo: 2002 [] []
[2024-03-09T09:01:59.999818-06:00] surtifarma.ERROR: mensaje: SQLSTATE[HY000] [2002] No se puede establecer una conexión ya que el equipo de destino denegó expresamente dicha conexión, archivo: C:\xampp82\htdocs\surtifarma_admin\Libraries\Core\Conexion.php, linea: 18, codigo: 2002 [] []
[2024-03-09T09:02:00.000703-06:00] surtifarma.ERROR: mensaje: Call to a member function prepare() on null, archivo: C:\xampp82\htdocs\surtifarma_admin\Libraries\Core\Mysql.php, linea: 125, codigo: 0 [] []
[2024-03-09T09:02:14.102489-06:00] surtifarma.ERROR: mensaje: SQLSTATE[HY000] [2002] No se puede establecer una conexión ya que el equipo de destino denegó expresamente dicha conexión, archivo: C:\xampp82\htdocs\surtifarma_admin\Libraries\Core\Conexion.php, linea: 18, codigo: 2002 [] []
[2024-03-09T09:02:18.612486-06:00] surtifarma.ERROR: mensaje: SQLSTATE[HY000] [2002] No se puede establecer una conexión ya que el equipo de destino denegó expresamente dicha conexión, archivo: C:\xampp82\htdocs\surtifarma_admin\Libraries\Core\Conexion.php, linea: 18, codigo: 2002 [] []
[2024-03-09T09:02:49.237812-06:00] surtifarma.ERROR: mensaje: Call to undefined method ConfiguracionModel::selectConfiguracion(), archivo: C:\xampp82\htdocs\surtifarma_admin\Controllers\Inicio.php, linea: 62, codigo: 0 [] []
[2024-03-09T09:02:54.828514-06:00] surtifarma.ERROR: mensaje: Call to undefined method ConfiguracionModel::selectConfiguracion(), archivo: C:\xampp82\htdocs\surtifarma_admin\Controllers\Inicio.php, linea: 62, codigo: 0 [] []
[2024-03-09T10:12:07.239400-06:00] surtifarma.WARNING: Debe indicar Host [] []
[2024-03-09T10:12:55.480136-06:00] surtifarma.WARNING: Debe indicar Host [] []
[2024-03-09T10:38:16.854597-06:00] surtifarma.WARNING: Usuario o Password No Válido [] []
