[2024-03-15T07:00:25.160622-06:00] surtifarma.ERROR: mensaje: SQLSTATE[42S02]: Base table or view not found: 1146 Table 'surtifar_central.usuarios' doesn't exist, archivo: C:\xampp82\htdocs\surtifarma_admin\Libraries\Core\Mysql.php, linea: 262, codigo: 42S02 [] []
[2024-03-15T07:02:15.758130-06:00] surtifarma.ERROR: mensaje: SQLSTATE[42S02]: Base table or view not found: 1146 Table 'surtifar_central.usuarios' doesn't exist, archivo: C:\xampp82\htdocs\surtifarma_admin\Libraries\Core\Mysql.php, linea: 262, codigo: 42S02 [] []
[2024-03-15T07:03:43.940141-06:00] surtifarma.ERROR: mensaje: SQLSTATE[42S02]: Base table or view not found: 1146 Table 'surtifar_central.usuarios' doesn't exist, archivo: C:\xampp82\htdocs\surtifarma_admin\Libraries\Core\Mysql.php, linea: 262, codigo: 42S02 [] []
[2024-03-15T07:04:37.283211-06:00] surtifarma.ERROR: mensaje: SQLSTATE[42S02]: Base table or view not found: 1146 Table 'surtifar_central.usuarios' doesn't exist, archivo: C:\xampp82\htdocs\surtifarma_admin\Libraries\Core\Mysql.php, linea: 262, codigo: 42S02 [] []
[2024-03-15T07:04:41.176276-06:00] surtifarma.ERROR: mensaje: SQLSTATE[42S22]: Column not found: 1054 Unknown column 'empusr.empresa_id' in 'where clause', archivo: C:\xampp82\htdocs\surtifarma_admin\Libraries\Core\Mysql.php, linea: 262, codigo: 42S22 [] []
[2024-03-15T07:05:25.883958-06:00] surtifarma.ERROR: mensaje: SQLSTATE[42S22]: Column not found: 1054 Unknown column 'empusr.empresa_id' in 'where clause', archivo: C:\xampp82\htdocs\surtifarma_admin\Libraries\Core\Mysql.php, linea: 262, codigo: 42S22 [] []
[2024-03-15T07:07:43.261430-06:00] surtifarma.WARNING: Lo sentimos, Datos no encontrados [] []
[2024-03-15T07:07:46.755941-06:00] surtifarma.WARNING: Lo sentimos, Datos no encontrados [] []
[2024-03-15T07:07:49.885273-06:00] surtifarma.WARNING: Lo sentimos, Datos no encontrados [] []
[2024-03-15T07:08:42.294738-06:00] surtifarma.WARNING: Lo sentimos, Datos no encontrados [] []
[2024-03-15T07:12:02.161871-06:00] surtifarma.WARNING: Lo sentimos, Datos no encontrados [] []
[2024-03-15T07:17:27.068430-06:00] surtifarma.ERROR: mensaje: PreguntasFrecuentesModel::recordUpdate(): Argument #1 ($modelo) must be of type PreguntasFrecuentesModel, null given, called in C:\xampp82\htdocs\surtifarma_admin\Models\PreguntasFrecuentesModel.php on line 255, archivo: C:\xampp82\htdocs\surtifarma_admin\Models\PreguntasFrecuentesModel.php, linea: 281, codigo: 0 [] []
[2024-03-15T07:17:27.121653-06:00] surtifarma.WARNING: Codigo Error: faq_1004. Error Desconocido [] []
[2024-03-15T07:20:37.725973-06:00] surtifarma.ERROR: mensaje: PreguntasFrecuentesModel::recordUpdate(): Argument #1 ($modelo) must be of type PreguntasFrecuentesModel, null given, called in C:\xampp82\htdocs\surtifarma_admin\Models\PreguntasFrecuentesModel.php on line 255, archivo: C:\xampp82\htdocs\surtifarma_admin\Models\PreguntasFrecuentesModel.php, linea: 281, codigo: 0 [] []
[2024-03-15T07:20:37.728354-06:00] surtifarma.ERROR: mensaje: SQLSTATE[HY000]: General error: 2006 MySQL server has gone away, archivo: C:\xampp82\htdocs\surtifarma_admin\Models\PreguntasFrecuentesModel.php, linea: 265, codigo: HY000 [] []
[2024-03-15T07:20:37.729124-06:00] surtifarma.WARNING: Codigo Error: faq_1005, Error Desconocido [] []
[2024-03-15T13:22:34.371352-06:00] surtifarma.ERROR: mensaje: SQLSTATE[42S02]: Base table or view not found: 1146 Table 'surtifar_central.usuarios' doesn't exist, archivo: C:\xampp82\htdocs\surtifarma_admin\Libraries\Core\Mysql.php, linea: 262, codigo: 42S02 [] []
[2024-03-15T13:24:24.705471-06:00] surtifarma.ERROR: mensaje: SQLSTATE[42S22]: Column not found: 1054 Unknown column 't.id' in 'where clause', archivo: C:\xampp82\htdocs\surtifarma_admin\Libraries\Core\Mysql.php, linea: 126, codigo: 42S22 [] []
[2024-03-15T13:25:04.906848-06:00] surtifarma.WARNING: Debe seleccionar un registro [] []
[2024-03-15T13:26:53.600649-06:00] surtifarma.ERROR: mensaje: SQLSTATE[42S22]: Column not found: 1054 Unknown column 't.id' in 'where clause', archivo: C:\xampp82\htdocs\surtifarma_admin\Libraries\Core\Mysql.php, linea: 126, codigo: 42S22 [] []
[2024-03-15T13:27:22.540276-06:00] surtifarma.ERROR: mensaje: SQLSTATE[42S22]: Column not found: 1054 Unknown column 't.id' in 'where clause', archivo: C:\xampp82\htdocs\surtifarma_admin\Libraries\Core\Mysql.php, linea: 126, codigo: 42S22 [] []
