[2026-04-10T12:27:04.591746-06:00] lfmcontrol.ERROR: mensaje: SQLSTATE[42S22]: Column not found: 1054 Unknown column 'cdsservicio' in 'SELECT', archivo: C:\xampp\htdocs\lfm_admin\Libraries\Core\Mysql.php, linea: 262, codigo: 42S22 [] []
[2026-04-10T12:27:04.609224-06:00] lfmcontrol.WARNING: Lo sentimos, Datos no encontrados para el gráfico [] []
[2026-04-10T12:38:59.432195-06:00] lfmcontrol.ERROR: mensaje: SQLSTATE[42S22]: Column not found: 1054 Unknown column 'cdsservicio' in 'SELECT', archivo: C:\xampp\htdocs\lfm_admin\Libraries\Core\Mysql.php, linea: 262, codigo: 42S22 [] []
[2026-04-10T12:38:59.437776-06:00] lfmcontrol.WARNING: Lo sentimos, Datos no encontrados para el gráfico [] []
[2026-04-10T12:39:17.759412-06:00] lfmcontrol.ERROR: mensaje: SQLSTATE[42S22]: Column not found: 1054 Unknown column 'cdsservicio' in 'SELECT', archivo: C:\xampp\htdocs\lfm_admin\Libraries\Core\Mysql.php, linea: 262, codigo: 42S22 [] []
[2026-04-10T12:39:17.771466-06:00] lfmcontrol.WARNING: Lo sentimos, Datos no encontrados para el gráfico [] []
[2026-04-10T12:41:21.315124-06:00] lfmcontrol.ERROR: mensaje: SQLSTATE[42S22]: Column not found: 1054 Unknown column 'cdsservicio' in 'SELECT', archivo: C:\xampp\htdocs\lfm_admin\Libraries\Core\Mysql.php, linea: 262, codigo: 42S22 [] []
[2026-04-10T12:41:21.317695-06:00] lfmcontrol.WARNING: Lo sentimos, Datos no encontrados para el gráfico [] []
[2026-04-10T12:41:53.093295-06:00] lfmcontrol.ERROR: mensaje: SQLSTATE[42S22]: Column not found: 1054 Unknown column 'cdsservicio' in 'SELECT', archivo: C:\xampp\htdocs\lfm_admin\Libraries\Core\Mysql.php, linea: 262, codigo: 42S22 [] []
[2026-04-10T12:41:53.097470-06:00] lfmcontrol.WARNING: Lo sentimos, Datos no encontrados para el gráfico [] []
[2026-04-10T13:12:56.612805-06:00] lfmcontrol.ERROR: mensaje: SQLSTATE[42S22]: Column not found: 1054 Unknown column 'cdsservicio' in 'SELECT', archivo: C:\xampp\htdocs\lfm_admin\Libraries\Core\Mysql.php, linea: 262, codigo: 42S22 [] []
[2026-04-10T13:12:56.618431-06:00] lfmcontrol.WARNING: Lo sentimos, Datos no encontrados para el gráfico [] []
[2026-04-10T14:45:27.916746-06:00] lfmcontrol.ERROR: mensaje: SQLSTATE[42S22]: Column not found: 1054 Unknown column 'cdsservicio' in 'SELECT', archivo: C:\xampp\htdocs\lfm_admin\Libraries\Core\Mysql.php, linea: 262, codigo: 42S22 [] []
[2026-04-10T14:45:27.924774-06:00] lfmcontrol.WARNING: Lo sentimos, Datos no encontrados para el gráfico [] []
[2026-04-10T14:48:02.065663-06:00] lfmcontrol.ERROR: mensaje: SQLSTATE[42S22]: Column not found: 1054 Unknown column 'cdsservicio' in 'SELECT', archivo: C:\xampp\htdocs\lfm_admin\Libraries\Core\Mysql.php, linea: 262, codigo: 42S22 [] []
[2026-04-10T14:48:02.072981-06:00] lfmcontrol.WARNING: Lo sentimos, Datos no encontrados para el gráfico [] []
[2026-04-10T14:48:09.510996-06:00] lfmcontrol.ERROR: mensaje: SQLSTATE[42S22]: Column not found: 1054 Unknown column 'cdsservicio' in 'SELECT', archivo: C:\xampp\htdocs\lfm_admin\Libraries\Core\Mysql.php, linea: 262, codigo: 42S22 [] []
[2026-04-10T14:48:09.514821-06:00] lfmcontrol.WARNING: Lo sentimos, Datos no encontrados para el gráfico [] []
[2026-04-10T14:48:52.733679-06:00] lfmcontrol.ERROR: mensaje: SQLSTATE[42S22]: Column not found: 1054 Unknown column 'cdsservicio' in 'SELECT', archivo: C:\xampp\htdocs\lfm_admin\Libraries\Core\Mysql.php, linea: 262, codigo: 42S22 [] []
[2026-04-10T14:48:52.735692-06:00] lfmcontrol.WARNING: Lo sentimos, Datos no encontrados para el gráfico [] []
[2026-04-10T14:49:12.226512-06:00] lfmcontrol.ERROR: mensaje: SQLSTATE[42S22]: Column not found: 1054 Unknown column 'cdsservicio' in 'SELECT', archivo: C:\xampp\htdocs\lfm_admin\Libraries\Core\Mysql.php, linea: 262, codigo: 42S22 [] []
[2026-04-10T14:49:12.231504-06:00] lfmcontrol.WARNING: Lo sentimos, Datos no encontrados para el gráfico [] []
[2026-04-10T14:50:41.966375-06:00] lfmcontrol.ERROR: mensaje: SQLSTATE[42S22]: Column not found: 1054 Unknown column 'cdsservicio' in 'SELECT', archivo: C:\xampp\htdocs\lfm_admin\Libraries\Core\Mysql.php, linea: 262, codigo: 42S22 [] []
[2026-04-10T14:50:41.971033-06:00] lfmcontrol.WARNING: Lo sentimos, Datos no encontrados para el gráfico [] []
[2026-04-10T14:51:21.421369-06:00] lfmcontrol.ERROR: mensaje: SQLSTATE[42S22]: Column not found: 1054 Unknown column 'cdsservicio' in 'SELECT', archivo: C:\xampp\htdocs\lfm_admin\Libraries\Core\Mysql.php, linea: 262, codigo: 42S22 [] []
[2026-04-10T14:51:21.423740-06:00] lfmcontrol.WARNING: Lo sentimos, Datos no encontrados para el gráfico [] []
[2026-04-10T14:52:20.176742-06:00] lfmcontrol.ERROR: mensaje: SQLSTATE[42S22]: Column not found: 1054 Unknown column 'cdsservicio' in 'SELECT', archivo: C:\xampp\htdocs\lfm_admin\Libraries\Core\Mysql.php, linea: 262, codigo: 42S22 [] []
[2026-04-10T14:52:36.049906-06:00] lfmcontrol.WARNING: Lo sentimos, Datos no encontrados para el gráfico [] []
[2026-04-10T19:05:55.383675-06:00] lfmcontrol.ERROR: mensaje: SQLSTATE[42000]: Syntax error or access violation: 1064 You have an error in your SQL syntax; check the manual that corresponds to your MariaDB server version for the right syntax to use near 'FROM cat_medico t WHERE cdscareaafectada = 'VENTAS' and iActivo = 'Activos'' at line 1, archivo: C:\xampp\htdocs\lfm_admin\Libraries\Core\Mysql.php, linea: 262, codigo: 42000 [] []
[2026-04-10T19:06:13.159057-06:00] lfmcontrol.ERROR: mensaje: SQLSTATE[42000]: Syntax error or access violation: 1064 You have an error in your SQL syntax; check the manual that corresponds to your MariaDB server version for the right syntax to use near 'FROM cat_medico t WHERE cdscareaafectada = 'VENTAS' and iActivo = 'Activos'' at line 1, archivo: C:\xampp\htdocs\lfm_admin\Libraries\Core\Mysql.php, linea: 262, codigo: 42000 [] []
[2026-04-10T19:06:14.595977-06:00] lfmcontrol.ERROR: mensaje: SQLSTATE[42000]: Syntax error or access violation: 1064 You have an error in your SQL syntax; check the manual that corresponds to your MariaDB server version for the right syntax to use near 'FROM cat_medico t WHERE cdscareaafectada = 'ADMINISTRACION' and iActivo = 'Ac...' at line 1, archivo: C:\xampp\htdocs\lfm_admin\Libraries\Core\Mysql.php, linea: 262, codigo: 42000 [] []
[2026-04-10T19:06:17.369033-06:00] lfmcontrol.ERROR: mensaje: SQLSTATE[42000]: Syntax error or access violation: 1064 You have an error in your SQL syntax; check the manual that corresponds to your MariaDB server version for the right syntax to use near 'FROM cat_medico t WHERE cdscareaafectada = 'COMPRAS' and iActivo = 'Activos'' at line 1, archivo: C:\xampp\htdocs\lfm_admin\Libraries\Core\Mysql.php, linea: 262, codigo: 42000 [] []
[2026-04-10T19:06:19.902690-06:00] lfmcontrol.ERROR: mensaje: SQLSTATE[42000]: Syntax error or access violation: 1064 You have an error in your SQL syntax; check the manual that corresponds to your MariaDB server version for the right syntax to use near 'FROM cat_medico t WHERE cdscareaafectada = 'COMPRAS' and iActivo = 'Activos'' at line 1, archivo: C:\xampp\htdocs\lfm_admin\Libraries\Core\Mysql.php, linea: 262, codigo: 42000 [] []
[2026-04-10T19:06:20.931489-06:00] lfmcontrol.ERROR: mensaje: SQLSTATE[42000]: Syntax error or access violation: 1064 You have an error in your SQL syntax; check the manual that corresponds to your MariaDB server version for the right syntax to use near 'FROM cat_medico t WHERE cdscareaafectada = 'ALMACEN' and iActivo = 'Activos'' at line 1, archivo: C:\xampp\htdocs\lfm_admin\Libraries\Core\Mysql.php, linea: 262, codigo: 42000 [] []
[2026-04-10T19:06:22.622200-06:00] lfmcontrol.ERROR: mensaje: SQLSTATE[42000]: Syntax error or access violation: 1064 You have an error in your SQL syntax; check the manual that corresponds to your MariaDB server version for the right syntax to use near 'FROM cat_medico t WHERE cdscareaafectada = 'SERVICIOS' and iActivo = 'Activos'' at line 1, archivo: C:\xampp\htdocs\lfm_admin\Libraries\Core\Mysql.php, linea: 262, codigo: 42000 [] []
[2026-04-10T19:06:24.883733-06:00] lfmcontrol.ERROR: mensaje: SQLSTATE[42000]: Syntax error or access violation: 1064 You have an error in your SQL syntax; check the manual that corresponds to your MariaDB server version for the right syntax to use near 'FROM cat_medico t WHERE cdscareaafectada = 'SERVICIOS' and iActivo = 'Activos'' at line 1, archivo: C:\xampp\htdocs\lfm_admin\Libraries\Core\Mysql.php, linea: 262, codigo: 42000 [] []
[2026-04-10T19:06:25.442445-06:00] lfmcontrol.ERROR: mensaje: SQLSTATE[42000]: Syntax error or access violation: 1064 You have an error in your SQL syntax; check the manual that corresponds to your MariaDB server version for the right syntax to use near 'FROM cat_medico t WHERE cdscareaafectada = 'VENTAS' and iActivo = 'Activos'' at line 1, archivo: C:\xampp\htdocs\lfm_admin\Libraries\Core\Mysql.php, linea: 262, codigo: 42000 [] []
[2026-04-10T19:06:30.114230-06:00] lfmcontrol.ERROR: mensaje: SQLSTATE[42000]: Syntax error or access violation: 1064 You have an error in your SQL syntax; check the manual that corresponds to your MariaDB server version for the right syntax to use near 'FROM cat_medico t WHERE cdscareaafectada = 'COMPRAS' and iActivo = 'Activos'' at line 1, archivo: C:\xampp\htdocs\lfm_admin\Libraries\Core\Mysql.php, linea: 262, codigo: 42000 [] []
[2026-04-10T19:06:31.687251-06:00] lfmcontrol.ERROR: mensaje: SQLSTATE[42000]: Syntax error or access violation: 1064 You have an error in your SQL syntax; check the manual that corresponds to your MariaDB server version for the right syntax to use near 'FROM cat_medico t WHERE cdscareaafectada = 'COMPRAS' and iActivo = 'Activos'' at line 1, archivo: C:\xampp\htdocs\lfm_admin\Libraries\Core\Mysql.php, linea: 262, codigo: 42000 [] []
[2026-04-10T19:06:33.727217-06:00] lfmcontrol.ERROR: mensaje: SQLSTATE[42000]: Syntax error or access violation: 1064 You have an error in your SQL syntax; check the manual that corresponds to your MariaDB server version for the right syntax to use near 'FROM cat_medico t WHERE cdscareaafectada = 'VENTAS' and iActivo = 'Activos'' at line 1, archivo: C:\xampp\htdocs\lfm_admin\Libraries\Core\Mysql.php, linea: 262, codigo: 42000 [] []
[2026-04-10T19:06:42.456178-06:00] lfmcontrol.ERROR: mensaje: SQLSTATE[42000]: Syntax error or access violation: 1064 You have an error in your SQL syntax; check the manual that corresponds to your MariaDB server version for the right syntax to use near 'FROM cat_medico t WHERE cdscareaafectada = 'VENTAS' and iActivo = 'Bajas'' at line 1, archivo: C:\xampp\htdocs\lfm_admin\Libraries\Core\Mysql.php, linea: 262, codigo: 42000 [] []
[2026-04-10T19:08:48.289221-06:00] lfmcontrol.ERROR: mensaje: SQLSTATE[42000]: Syntax error or access violation: 1064 You have an error in your SQL syntax; check the manual that corresponds to your MariaDB server version for the right syntax to use near 'FROM cat_medico t WHERE cdscareaafectada = 'VENTAS' and iActivo = '1'' at line 1, archivo: C:\xampp\htdocs\lfm_admin\Libraries\Core\Mysql.php, linea: 262, codigo: 42000 [] []
[2026-04-10T19:32:54.651672-06:00] lfmcontrol.ERROR: mensaje: SQLSTATE[42S22]: Column not found: 1054 Unknown column 't.cdscareaaefctada' in 'WHERE', archivo: C:\xampp\htdocs\lfm_admin\Libraries\Core\Mysql.php, linea: 262, codigo: 42S22 [] []
[2026-04-10T19:32:58.537654-06:00] lfmcontrol.WARNING: Lo sentimos, Datos no encontrados [] []
[2026-04-10T19:33:03.054445-06:00] lfmcontrol.ERROR: mensaje: SQLSTATE[42S22]: Column not found: 1054 Unknown column 't.cdscareaaefctada' in 'WHERE', archivo: C:\xampp\htdocs\lfm_admin\Libraries\Core\Mysql.php, linea: 262, codigo: 42S22 [] []
[2026-04-10T19:33:03.057882-06:00] lfmcontrol.WARNING: Lo sentimos, Datos no encontrados [] []
[2026-04-10T19:33:38.995700-06:00] lfmcontrol.ERROR: mensaje: SQLSTATE[42S22]: Column not found: 1054 Unknown column 't.cdscareaaefctada' in 'WHERE', archivo: C:\xampp\htdocs\lfm_admin\Libraries\Core\Mysql.php, linea: 262, codigo: 42S22 [] []
[2026-04-10T19:33:49.992781-06:00] lfmcontrol.WARNING: Lo sentimos, Datos no encontrados [] []
[2026-04-10T19:37:58.492879-06:00] lfmcontrol.WARNING: Lo sentimos, Datos no encontrados [] []
[2026-04-10T19:38:03.775425-06:00] lfmcontrol.WARNING: Lo sentimos, Datos no encontrados [] []
[2026-04-10T19:38:08.027250-06:00] lfmcontrol.WARNING: Lo sentimos, Datos no encontrados [] []
[2026-04-10T19:38:09.802668-06:00] lfmcontrol.WARNING: Lo sentimos, Datos no encontrados [] []
[2026-04-10T19:38:10.245185-06:00] lfmcontrol.WARNING: Lo sentimos, Datos no encontrados [] []
[2026-04-10T19:38:17.157267-06:00] lfmcontrol.WARNING: Lo sentimos, Datos no encontrados [] []
[2026-04-10T19:38:46.491675-06:00] lfmcontrol.WARNING: Lo sentimos, Datos no encontrados [] []
[2026-04-10T19:39:07.783635-06:00] lfmcontrol.WARNING: Lo sentimos, Datos no encontrados [] []
[2026-04-10T19:39:09.875743-06:00] lfmcontrol.WARNING: Lo sentimos, Datos no encontrados [] []
[2026-04-10T19:41:51.884772-06:00] lfmcontrol.WARNING: Lo sentimos, Datos no encontrados [] []
[2026-04-10T19:50:54.001573-06:00] lfmcontrol.WARNING: Lo sentimos, Datos no encontrados [] []
[2026-04-10T19:52:32.986566-06:00] lfmcontrol.WARNING: Lo sentimos, Datos no encontrados [] []
[2026-04-10T19:57:13.377181-06:00] lfmcontrol.WARNING: Lo sentimos, Datos no encontrados [] []
