[2026-06-06T07:55:06.311622-06:00] lfmcontrol.ERROR: mensaje: SQLSTATE[HY000]: General error: 2006 MySQL server has gone away, archivo: C:\xampp\htdocs\lfm_admin\Libraries\Core\Mysql.php, linea: 262, codigo: HY000 [] []
[2026-06-06T07:55:06.453628-06:00] lfmcontrol.WARNING: Lo sentimos, Datos no encontrados para el gráfico [] []
[2026-06-06T07:55:06.490665-06:00] lfmcontrol.ERROR: mensaje: SQLSTATE[HY000] [2002] php_network_getaddresses: getaddrinfo for lfmcontrol.com.mx failed: Host desconocido. , archivo: C:\xampp\htdocs\lfm_admin\Libraries\Core\Conexion.php, linea: 18, codigo: 2002 [] []
[2026-06-06T07:55:06.498863-06:00] lfmcontrol.ERROR: mensaje: Call to a member function prepare() on null, archivo: C:\xampp\htdocs\lfm_admin\Libraries\Core\Mysql.php, linea: 125, codigo: 0 [] []
[2026-06-06T07:55:06.540926-06:00] lfmcontrol.ERROR: mensaje: SQLSTATE[HY000] [2002] php_network_getaddresses: getaddrinfo for lfmcontrol.com.mx failed: Host desconocido. , archivo: C:\xampp\htdocs\lfm_admin\Libraries\Core\Conexion.php, linea: 18, codigo: 2002 [] []
[2026-06-06T07:55:06.545433-06:00] lfmcontrol.ERROR: mensaje: Call to a member function prepare() on null, archivo: C:\xampp\htdocs\lfm_admin\Libraries\Core\Mysql.php, linea: 125, codigo: 0 [] []
[2026-06-06T07:55:06.614408-06:00] lfmcontrol.ERROR: mensaje: SQLSTATE[HY000] [2002] php_network_getaddresses: getaddrinfo for lfmcontrol.com.mx failed: Host desconocido. , archivo: C:\xampp\htdocs\lfm_admin\Libraries\Core\Conexion.php, linea: 18, codigo: 2002 [] []
[2026-06-06T07:55:06.658599-06:00] lfmcontrol.ERROR: mensaje: SQLSTATE[HY000] [2002] php_network_getaddresses: getaddrinfo for lfmcontrol.com.mx failed: Host desconocido. , archivo: C:\xampp\htdocs\lfm_admin\Libraries\Core\Conexion.php, linea: 18, codigo: 2002 [] []
[2026-06-06T07:55:06.660789-06:00] lfmcontrol.ERROR: mensaje: Call to a member function prepare() on null, archivo: C:\xampp\htdocs\lfm_admin\Libraries\Core\Mysql.php, linea: 125, codigo: 0 [] []
[2026-06-06T07:55:06.693548-06:00] lfmcontrol.ERROR: mensaje: SQLSTATE[HY000] [2002] php_network_getaddresses: getaddrinfo for lfmcontrol.com.mx failed: Host desconocido. , archivo: C:\xampp\htdocs\lfm_admin\Libraries\Core\Conexion.php, linea: 18, codigo: 2002 [] []
[2026-06-06T07:55:06.714268-06:00] lfmcontrol.ERROR: mensaje: SQLSTATE[HY000] [2002] php_network_getaddresses: getaddrinfo for lfmcontrol.com.mx failed: Host desconocido. , archivo: C:\xampp\htdocs\lfm_admin\Libraries\Core\Conexion.php, linea: 18, codigo: 2002 [] []
[2026-06-06T07:55:06.718369-06:00] lfmcontrol.ERROR: mensaje: Call to a member function prepare() on null, archivo: C:\xampp\htdocs\lfm_admin\Libraries\Core\Mysql.php, linea: 125, codigo: 0 [] []
[2026-06-06T07:55:06.769499-06:00] lfmcontrol.ERROR: mensaje: SQLSTATE[HY000] [2002] php_network_getaddresses: getaddrinfo for lfmcontrol.com.mx failed: Host desconocido. , archivo: C:\xampp\htdocs\lfm_admin\Libraries\Core\Conexion.php, linea: 18, codigo: 2002 [] []
[2026-06-06T07:55:06.838507-06:00] lfmcontrol.ERROR: mensaje: SQLSTATE[HY000] [2002] php_network_getaddresses: getaddrinfo for lfmcontrol.com.mx failed: Host desconocido. , archivo: C:\xampp\htdocs\lfm_admin\Libraries\Core\Conexion.php, linea: 18, codigo: 2002 [] []
[2026-06-06T07:55:06.846712-06:00] lfmcontrol.ERROR: mensaje: Call to a member function prepare() on null, archivo: C:\xampp\htdocs\lfm_admin\Libraries\Core\Mysql.php, linea: 125, codigo: 0 [] []
[2026-06-06T07:55:06.881982-06:00] lfmcontrol.ERROR: mensaje: SQLSTATE[HY000] [2002] php_network_getaddresses: getaddrinfo for lfmcontrol.com.mx failed: Host desconocido. , archivo: C:\xampp\htdocs\lfm_admin\Libraries\Core\Conexion.php, linea: 18, codigo: 2002 [] []
[2026-06-06T07:55:06.920939-06:00] lfmcontrol.ERROR: mensaje: SQLSTATE[HY000] [2002] php_network_getaddresses: getaddrinfo for lfmcontrol.com.mx failed: Host desconocido. , archivo: C:\xampp\htdocs\lfm_admin\Libraries\Core\Conexion.php, linea: 18, codigo: 2002 [] []
[2026-06-06T07:55:06.925623-06:00] lfmcontrol.ERROR: mensaje: Call to a member function prepare() on null, archivo: C:\xampp\htdocs\lfm_admin\Libraries\Core\Mysql.php, linea: 125, codigo: 0 [] []
[2026-06-06T07:55:06.956313-06:00] lfmcontrol.ERROR: mensaje: SQLSTATE[HY000] [2002] php_network_getaddresses: getaddrinfo for lfmcontrol.com.mx failed: Host desconocido. , archivo: C:\xampp\htdocs\lfm_admin\Libraries\Core\Conexion.php, linea: 18, codigo: 2002 [] []
[2026-06-06T07:55:07.051735-06:00] lfmcontrol.ERROR: mensaje: SQLSTATE[HY000] [2002] php_network_getaddresses: getaddrinfo for lfmcontrol.com.mx failed: Host desconocido. , archivo: C:\xampp\htdocs\lfm_admin\Libraries\Core\Conexion.php, linea: 18, codigo: 2002 [] []
[2026-06-06T07:55:07.057276-06:00] lfmcontrol.ERROR: mensaje: Call to a member function prepare() on null, archivo: C:\xampp\htdocs\lfm_admin\Libraries\Core\Mysql.php, linea: 125, codigo: 0 [] []
[2026-06-06T07:55:07.090691-06:00] lfmcontrol.ERROR: mensaje: SQLSTATE[HY000] [2002] php_network_getaddresses: getaddrinfo for lfmcontrol.com.mx failed: Host desconocido. , archivo: C:\xampp\htdocs\lfm_admin\Libraries\Core\Conexion.php, linea: 18, codigo: 2002 [] []
[2026-06-06T07:55:07.131387-06:00] lfmcontrol.ERROR: mensaje: SQLSTATE[HY000] [2002] php_network_getaddresses: getaddrinfo for lfmcontrol.com.mx failed: Host desconocido. , archivo: C:\xampp\htdocs\lfm_admin\Libraries\Core\Conexion.php, linea: 18, codigo: 2002 [] []
[2026-06-06T07:55:07.136654-06:00] lfmcontrol.ERROR: mensaje: Call to a member function prepare() on null, archivo: C:\xampp\htdocs\lfm_admin\Libraries\Core\Mysql.php, linea: 125, codigo: 0 [] []
[2026-06-06T07:55:07.193698-06:00] lfmcontrol.ERROR: mensaje: SQLSTATE[HY000] [2002] php_network_getaddresses: getaddrinfo for lfmcontrol.com.mx failed: Host desconocido. , archivo: C:\xampp\htdocs\lfm_admin\Libraries\Core\Conexion.php, linea: 18, codigo: 2002 [] []
[2026-06-06T07:55:07.261516-06:00] lfmcontrol.ERROR: mensaje: SQLSTATE[HY000] [2002] php_network_getaddresses: getaddrinfo for lfmcontrol.com.mx failed: Host desconocido. , archivo: C:\xampp\htdocs\lfm_admin\Libraries\Core\Conexion.php, linea: 18, codigo: 2002 [] []
[2026-06-06T07:55:07.266715-06:00] lfmcontrol.ERROR: mensaje: Call to a member function prepare() on null, archivo: C:\xampp\htdocs\lfm_admin\Libraries\Core\Mysql.php, linea: 125, codigo: 0 [] []
[2026-06-06T07:55:07.305328-06:00] lfmcontrol.ERROR: mensaje: SQLSTATE[HY000] [2002] php_network_getaddresses: getaddrinfo for lfmcontrol.com.mx failed: Host desconocido. , archivo: C:\xampp\htdocs\lfm_admin\Libraries\Core\Conexion.php, linea: 18, codigo: 2002 [] []
[2026-06-06T07:55:07.347202-06:00] lfmcontrol.ERROR: mensaje: SQLSTATE[HY000] [2002] php_network_getaddresses: getaddrinfo for lfmcontrol.com.mx failed: Host desconocido. , archivo: C:\xampp\htdocs\lfm_admin\Libraries\Core\Conexion.php, linea: 18, codigo: 2002 [] []
[2026-06-06T07:55:07.352445-06:00] lfmcontrol.ERROR: mensaje: Call to a member function prepare() on null, archivo: C:\xampp\htdocs\lfm_admin\Libraries\Core\Mysql.php, linea: 125, codigo: 0 [] []
[2026-06-06T07:55:07.378667-06:00] lfmcontrol.ERROR: mensaje: SQLSTATE[HY000] [2002] php_network_getaddresses: getaddrinfo for lfmcontrol.com.mx failed: Host desconocido. , archivo: C:\xampp\htdocs\lfm_admin\Libraries\Core\Conexion.php, linea: 18, codigo: 2002 [] []
[2026-06-06T07:55:07.407085-06:00] lfmcontrol.ERROR: mensaje: SQLSTATE[HY000] [2002] php_network_getaddresses: getaddrinfo for lfmcontrol.com.mx failed: Host desconocido. , archivo: C:\xampp\htdocs\lfm_admin\Libraries\Core\Conexion.php, linea: 18, codigo: 2002 [] []
[2026-06-06T07:55:07.410479-06:00] lfmcontrol.ERROR: mensaje: Call to a member function prepare() on null, archivo: C:\xampp\htdocs\lfm_admin\Libraries\Core\Mysql.php, linea: 125, codigo: 0 [] []
[2026-06-06T07:55:08.502327-06:00] lfmcontrol.ERROR: mensaje: SQLSTATE[HY000] [2002] php_network_getaddresses: getaddrinfo for lfmcontrol.com.mx failed: Host desconocido. , archivo: C:\xampp\htdocs\lfm_admin\Libraries\Core\Conexion.php, linea: 18, codigo: 2002 [] []
[2026-06-06T07:55:08.503983-06:00] lfmcontrol.ERROR: mensaje: Call to a member function prepare() on null, archivo: C:\xampp\htdocs\lfm_admin\Libraries\Core\Mysql.php, linea: 125, codigo: 0 [] []
[2026-06-06T07:55:08.548288-06:00] lfmcontrol.ERROR: mensaje: SQLSTATE[HY000] [2002] php_network_getaddresses: getaddrinfo for lfmcontrol.com.mx failed: Host desconocido. , archivo: C:\xampp\htdocs\lfm_admin\Libraries\Core\Conexion.php, linea: 18, codigo: 2002 [] []
[2026-06-06T07:55:08.596748-06:00] lfmcontrol.ERROR: mensaje: SQLSTATE[HY000] [2002] php_network_getaddresses: getaddrinfo for lfmcontrol.com.mx failed: Host desconocido. , archivo: C:\xampp\htdocs\lfm_admin\Libraries\Core\Conexion.php, linea: 18, codigo: 2002 [] []
[2026-06-06T07:55:08.598392-06:00] lfmcontrol.ERROR: mensaje: Call to a member function prepare() on null, archivo: C:\xampp\htdocs\lfm_admin\Libraries\Core\Mysql.php, linea: 125, codigo: 0 [] []
[2026-06-06T07:55:08.619557-06:00] lfmcontrol.ERROR: mensaje: SQLSTATE[HY000] [2002] php_network_getaddresses: getaddrinfo for lfmcontrol.com.mx failed: Host desconocido. , archivo: C:\xampp\htdocs\lfm_admin\Libraries\Core\Conexion.php, linea: 18, codigo: 2002 [] []
[2026-06-06T07:55:08.636808-06:00] lfmcontrol.ERROR: mensaje: SQLSTATE[HY000] [2002] php_network_getaddresses: getaddrinfo for lfmcontrol.com.mx failed: Host desconocido. , archivo: C:\xampp\htdocs\lfm_admin\Libraries\Core\Conexion.php, linea: 18, codigo: 2002 [] []
[2026-06-06T07:55:08.638485-06:00] lfmcontrol.ERROR: mensaje: Call to a member function prepare() on null, archivo: C:\xampp\htdocs\lfm_admin\Libraries\Core\Mysql.php, linea: 125, codigo: 0 [] []
[2026-06-06T07:55:08.671266-06:00] lfmcontrol.ERROR: mensaje: SQLSTATE[HY000] [2002] php_network_getaddresses: getaddrinfo for lfmcontrol.com.mx failed: Host desconocido. , archivo: C:\xampp\htdocs\lfm_admin\Libraries\Core\Conexion.php, linea: 18, codigo: 2002 [] []
[2026-06-06T07:55:08.742223-06:00] lfmcontrol.ERROR: mensaje: SQLSTATE[HY000] [2002] php_network_getaddresses: getaddrinfo for lfmcontrol.com.mx failed: Host desconocido. , archivo: C:\xampp\htdocs\lfm_admin\Libraries\Core\Conexion.php, linea: 18, codigo: 2002 [] []
[2026-06-06T07:55:08.748867-06:00] lfmcontrol.ERROR: mensaje: Call to a member function prepare() on null, archivo: C:\xampp\htdocs\lfm_admin\Libraries\Core\Mysql.php, linea: 125, codigo: 0 [] []
[2026-06-06T07:55:08.795888-06:00] lfmcontrol.ERROR: mensaje: SQLSTATE[HY000] [2002] php_network_getaddresses: getaddrinfo for lfmcontrol.com.mx failed: Host desconocido. , archivo: C:\xampp\htdocs\lfm_admin\Libraries\Core\Conexion.php, linea: 18, codigo: 2002 [] []
[2026-06-06T07:55:08.879562-06:00] lfmcontrol.ERROR: mensaje: SQLSTATE[HY000] [2002] php_network_getaddresses: getaddrinfo for lfmcontrol.com.mx failed: Host desconocido. , archivo: C:\xampp\htdocs\lfm_admin\Libraries\Core\Conexion.php, linea: 18, codigo: 2002 [] []
[2026-06-06T07:55:08.887944-06:00] lfmcontrol.ERROR: mensaje: Call to a member function prepare() on null, archivo: C:\xampp\htdocs\lfm_admin\Libraries\Core\Mysql.php, linea: 125, codigo: 0 [] []
[2026-06-06T07:55:08.956124-06:00] lfmcontrol.ERROR: mensaje: SQLSTATE[HY000] [2002] php_network_getaddresses: getaddrinfo for lfmcontrol.com.mx failed: Host desconocido. , archivo: C:\xampp\htdocs\lfm_admin\Libraries\Core\Conexion.php, linea: 18, codigo: 2002 [] []
[2026-06-06T07:55:08.997119-06:00] lfmcontrol.ERROR: mensaje: SQLSTATE[HY000] [2002] php_network_getaddresses: getaddrinfo for lfmcontrol.com.mx failed: Host desconocido. , archivo: C:\xampp\htdocs\lfm_admin\Libraries\Core\Conexion.php, linea: 18, codigo: 2002 [] []
[2026-06-06T07:55:09.000756-06:00] lfmcontrol.ERROR: mensaje: Call to a member function prepare() on null, archivo: C:\xampp\htdocs\lfm_admin\Libraries\Core\Mysql.php, linea: 125, codigo: 0 [] []
[2026-06-06T07:55:09.070094-06:00] lfmcontrol.ERROR: mensaje: SQLSTATE[HY000] [2002] php_network_getaddresses: getaddrinfo for lfmcontrol.com.mx failed: Host desconocido. , archivo: C:\xampp\htdocs\lfm_admin\Libraries\Core\Conexion.php, linea: 18, codigo: 2002 [] []
[2026-06-06T07:55:09.142602-06:00] lfmcontrol.ERROR: mensaje: SQLSTATE[HY000] [2002] php_network_getaddresses: getaddrinfo for lfmcontrol.com.mx failed: Host desconocido. , archivo: C:\xampp\htdocs\lfm_admin\Libraries\Core\Conexion.php, linea: 18, codigo: 2002 [] []
[2026-06-06T07:55:09.148383-06:00] lfmcontrol.ERROR: mensaje: Call to a member function prepare() on null, archivo: C:\xampp\htdocs\lfm_admin\Libraries\Core\Mysql.php, linea: 125, codigo: 0 [] []
[2026-06-06T07:55:09.199747-06:00] lfmcontrol.ERROR: mensaje: SQLSTATE[HY000] [2002] php_network_getaddresses: getaddrinfo for lfmcontrol.com.mx failed: Host desconocido. , archivo: C:\xampp\htdocs\lfm_admin\Libraries\Core\Conexion.php, linea: 18, codigo: 2002 [] []
[2026-06-06T07:55:09.235727-06:00] lfmcontrol.ERROR: mensaje: SQLSTATE[HY000] [2002] php_network_getaddresses: getaddrinfo for lfmcontrol.com.mx failed: Host desconocido. , archivo: C:\xampp\htdocs\lfm_admin\Libraries\Core\Conexion.php, linea: 18, codigo: 2002 [] []
[2026-06-06T07:55:09.239504-06:00] lfmcontrol.ERROR: mensaje: Call to a member function prepare() on null, archivo: C:\xampp\htdocs\lfm_admin\Libraries\Core\Mysql.php, linea: 125, codigo: 0 [] []
[2026-06-06T07:55:09.284090-06:00] lfmcontrol.ERROR: mensaje: SQLSTATE[HY000] [2002] php_network_getaddresses: getaddrinfo for lfmcontrol.com.mx failed: Host desconocido. , archivo: C:\xampp\htdocs\lfm_admin\Libraries\Core\Conexion.php, linea: 18, codigo: 2002 [] []
[2026-06-06T07:55:09.313279-06:00] lfmcontrol.ERROR: mensaje: SQLSTATE[HY000] [2002] php_network_getaddresses: getaddrinfo for lfmcontrol.com.mx failed: Host desconocido. , archivo: C:\xampp\htdocs\lfm_admin\Libraries\Core\Conexion.php, linea: 18, codigo: 2002 [] []
[2026-06-06T07:55:09.316291-06:00] lfmcontrol.ERROR: mensaje: Call to a member function prepare() on null, archivo: C:\xampp\htdocs\lfm_admin\Libraries\Core\Mysql.php, linea: 125, codigo: 0 [] []
[2026-06-06T07:55:09.365906-06:00] lfmcontrol.ERROR: mensaje: SQLSTATE[HY000] [2002] php_network_getaddresses: getaddrinfo for lfmcontrol.com.mx failed: Host desconocido. , archivo: C:\xampp\htdocs\lfm_admin\Libraries\Core\Conexion.php, linea: 18, codigo: 2002 [] []
[2026-06-06T07:55:09.399314-06:00] lfmcontrol.ERROR: mensaje: SQLSTATE[HY000] [2002] php_network_getaddresses: getaddrinfo for lfmcontrol.com.mx failed: Host desconocido. , archivo: C:\xampp\htdocs\lfm_admin\Libraries\Core\Conexion.php, linea: 18, codigo: 2002 [] []
[2026-06-06T07:55:09.408710-06:00] lfmcontrol.ERROR: mensaje: Call to a member function prepare() on null, archivo: C:\xampp\htdocs\lfm_admin\Libraries\Core\Mysql.php, linea: 125, codigo: 0 [] []
[2026-06-06T07:55:09.469223-06:00] lfmcontrol.ERROR: mensaje: SQLSTATE[HY000] [2002] php_network_getaddresses: getaddrinfo for lfmcontrol.com.mx failed: Host desconocido. , archivo: C:\xampp\htdocs\lfm_admin\Libraries\Core\Conexion.php, linea: 18, codigo: 2002 [] []
[2026-06-06T07:55:14.566297-06:00] lfmcontrol.ERROR: mensaje: SQLSTATE[HY000] [2002] php_network_getaddresses: getaddrinfo for lfmcontrol.com.mx failed: Host desconocido. , archivo: C:\xampp\htdocs\lfm_admin\Libraries\Core\Conexion.php, linea: 18, codigo: 2002 [] []
[2026-06-06T07:55:14.619549-06:00] lfmcontrol.ERROR: mensaje: SQLSTATE[HY000] [2002] php_network_getaddresses: getaddrinfo for lfmcontrol.com.mx failed: Host desconocido. , archivo: C:\xampp\htdocs\lfm_admin\Libraries\Core\Conexion.php, linea: 18, codigo: 2002 [] []
[2026-06-06T07:55:14.622593-06:00] lfmcontrol.ERROR: mensaje: Call to a member function prepare() on null, archivo: C:\xampp\htdocs\lfm_admin\Libraries\Core\Mysql.php, linea: 125, codigo: 0 [] []
[2026-06-06T07:55:14.667371-06:00] lfmcontrol.ERROR: mensaje: SQLSTATE[HY000] [2002] php_network_getaddresses: getaddrinfo for lfmcontrol.com.mx failed: Host desconocido. , archivo: C:\xampp\htdocs\lfm_admin\Libraries\Core\Conexion.php, linea: 18, codigo: 2002 [] []
[2026-06-06T07:55:14.712978-06:00] lfmcontrol.ERROR: mensaje: SQLSTATE[HY000] [2002] php_network_getaddresses: getaddrinfo for lfmcontrol.com.mx failed: Host desconocido. , archivo: C:\xampp\htdocs\lfm_admin\Libraries\Core\Conexion.php, linea: 18, codigo: 2002 [] []
[2026-06-06T07:55:14.716200-06:00] lfmcontrol.ERROR: mensaje: Call to a member function prepare() on null, archivo: C:\xampp\htdocs\lfm_admin\Libraries\Core\Mysql.php, linea: 125, codigo: 0 [] []
[2026-06-06T07:55:14.741407-06:00] lfmcontrol.ERROR: mensaje: SQLSTATE[HY000] [2002] php_network_getaddresses: getaddrinfo for lfmcontrol.com.mx failed: Host desconocido. , archivo: C:\xampp\htdocs\lfm_admin\Libraries\Core\Conexion.php, linea: 18, codigo: 2002 [] []
[2026-06-06T07:55:14.770801-06:00] lfmcontrol.ERROR: mensaje: SQLSTATE[HY000] [2002] php_network_getaddresses: getaddrinfo for lfmcontrol.com.mx failed: Host desconocido. , archivo: C:\xampp\htdocs\lfm_admin\Libraries\Core\Conexion.php, linea: 18, codigo: 2002 [] []
[2026-06-06T07:55:14.774627-06:00] lfmcontrol.ERROR: mensaje: Call to a member function prepare() on null, archivo: C:\xampp\htdocs\lfm_admin\Libraries\Core\Mysql.php, linea: 125, codigo: 0 [] []
[2026-06-06T07:55:14.803153-06:00] lfmcontrol.ERROR: mensaje: SQLSTATE[HY000] [2002] php_network_getaddresses: getaddrinfo for lfmcontrol.com.mx failed: Host desconocido. , archivo: C:\xampp\htdocs\lfm_admin\Libraries\Core\Conexion.php, linea: 18, codigo: 2002 [] []
[2026-06-06T07:55:14.854922-06:00] lfmcontrol.ERROR: mensaje: SQLSTATE[HY000] [2002] php_network_getaddresses: getaddrinfo for lfmcontrol.com.mx failed: Host desconocido. , archivo: C:\xampp\htdocs\lfm_admin\Libraries\Core\Conexion.php, linea: 18, codigo: 2002 [] []
[2026-06-06T07:55:14.858821-06:00] lfmcontrol.ERROR: mensaje: Call to a member function prepare() on null, archivo: C:\xampp\htdocs\lfm_admin\Libraries\Core\Mysql.php, linea: 125, codigo: 0 [] []
[2026-06-06T07:55:14.886316-06:00] lfmcontrol.ERROR: mensaje: SQLSTATE[HY000] [2002] php_network_getaddresses: getaddrinfo for lfmcontrol.com.mx failed: Host desconocido. , archivo: C:\xampp\htdocs\lfm_admin\Libraries\Core\Conexion.php, linea: 18, codigo: 2002 [] []
[2026-06-06T07:55:14.931376-06:00] lfmcontrol.ERROR: mensaje: SQLSTATE[HY000] [2002] php_network_getaddresses: getaddrinfo for lfmcontrol.com.mx failed: Host desconocido. , archivo: C:\xampp\htdocs\lfm_admin\Libraries\Core\Conexion.php, linea: 18, codigo: 2002 [] []
[2026-06-06T07:55:14.934018-06:00] lfmcontrol.ERROR: mensaje: Call to a member function prepare() on null, archivo: C:\xampp\htdocs\lfm_admin\Libraries\Core\Mysql.php, linea: 125, codigo: 0 [] []
[2026-06-06T07:55:14.981986-06:00] lfmcontrol.ERROR: mensaje: SQLSTATE[HY000] [2002] php_network_getaddresses: getaddrinfo for lfmcontrol.com.mx failed: Host desconocido. , archivo: C:\xampp\htdocs\lfm_admin\Libraries\Core\Conexion.php, linea: 18, codigo: 2002 [] []
[2026-06-06T07:55:15.012065-06:00] lfmcontrol.ERROR: mensaje: SQLSTATE[HY000] [2002] php_network_getaddresses: getaddrinfo for lfmcontrol.com.mx failed: Host desconocido. , archivo: C:\xampp\htdocs\lfm_admin\Libraries\Core\Conexion.php, linea: 18, codigo: 2002 [] []
[2026-06-06T07:55:15.015682-06:00] lfmcontrol.ERROR: mensaje: Call to a member function prepare() on null, archivo: C:\xampp\htdocs\lfm_admin\Libraries\Core\Mysql.php, linea: 125, codigo: 0 [] []
[2026-06-06T07:55:15.055771-06:00] lfmcontrol.ERROR: mensaje: SQLSTATE[HY000] [2002] php_network_getaddresses: getaddrinfo for lfmcontrol.com.mx failed: Host desconocido. , archivo: C:\xampp\htdocs\lfm_admin\Libraries\Core\Conexion.php, linea: 18, codigo: 2002 [] []
[2026-06-06T07:55:15.083047-06:00] lfmcontrol.ERROR: mensaje: SQLSTATE[HY000] [2002] php_network_getaddresses: getaddrinfo for lfmcontrol.com.mx failed: Host desconocido. , archivo: C:\xampp\htdocs\lfm_admin\Libraries\Core\Conexion.php, linea: 18, codigo: 2002 [] []
[2026-06-06T07:55:15.085867-06:00] lfmcontrol.ERROR: mensaje: Call to a member function prepare() on null, archivo: C:\xampp\htdocs\lfm_admin\Libraries\Core\Mysql.php, linea: 125, codigo: 0 [] []
[2026-06-06T07:55:15.110168-06:00] lfmcontrol.ERROR: mensaje: SQLSTATE[HY000] [2002] php_network_getaddresses: getaddrinfo for lfmcontrol.com.mx failed: Host desconocido. , archivo: C:\xampp\htdocs\lfm_admin\Libraries\Core\Conexion.php, linea: 18, codigo: 2002 [] []
[2026-06-06T07:55:15.138700-06:00] lfmcontrol.ERROR: mensaje: SQLSTATE[HY000] [2002] php_network_getaddresses: getaddrinfo for lfmcontrol.com.mx failed: Host desconocido. , archivo: C:\xampp\htdocs\lfm_admin\Libraries\Core\Conexion.php, linea: 18, codigo: 2002 [] []
[2026-06-06T07:55:15.142436-06:00] lfmcontrol.ERROR: mensaje: Call to a member function prepare() on null, archivo: C:\xampp\htdocs\lfm_admin\Libraries\Core\Mysql.php, linea: 125, codigo: 0 [] []
[2026-06-06T07:55:15.172519-06:00] lfmcontrol.ERROR: mensaje: SQLSTATE[HY000] [2002] php_network_getaddresses: getaddrinfo for lfmcontrol.com.mx failed: Host desconocido. , archivo: C:\xampp\htdocs\lfm_admin\Libraries\Core\Conexion.php, linea: 18, codigo: 2002 [] []
[2026-06-06T07:55:15.229554-06:00] lfmcontrol.ERROR: mensaje: SQLSTATE[HY000] [2002] php_network_getaddresses: getaddrinfo for lfmcontrol.com.mx failed: Host desconocido. , archivo: C:\xampp\htdocs\lfm_admin\Libraries\Core\Conexion.php, linea: 18, codigo: 2002 [] []
[2026-06-06T07:55:15.233228-06:00] lfmcontrol.ERROR: mensaje: Call to a member function prepare() on null, archivo: C:\xampp\htdocs\lfm_admin\Libraries\Core\Mysql.php, linea: 125, codigo: 0 [] []
[2026-06-06T07:55:15.274961-06:00] lfmcontrol.ERROR: mensaje: SQLSTATE[HY000] [2002] php_network_getaddresses: getaddrinfo for lfmcontrol.com.mx failed: Host desconocido. , archivo: C:\xampp\htdocs\lfm_admin\Libraries\Core\Conexion.php, linea: 18, codigo: 2002 [] []
[2026-06-06T07:55:15.321433-06:00] lfmcontrol.ERROR: mensaje: SQLSTATE[HY000] [2002] php_network_getaddresses: getaddrinfo for lfmcontrol.com.mx failed: Host desconocido. , archivo: C:\xampp\htdocs\lfm_admin\Libraries\Core\Conexion.php, linea: 18, codigo: 2002 [] []
[2026-06-06T07:55:15.325053-06:00] lfmcontrol.ERROR: mensaje: Call to a member function prepare() on null, archivo: C:\xampp\htdocs\lfm_admin\Libraries\Core\Mysql.php, linea: 125, codigo: 0 [] []
[2026-06-06T07:55:31.720270-06:00] lfmcontrol.ERROR: mensaje: SQLSTATE[HY000] [2002] php_network_getaddresses: getaddrinfo for lfmcontrol.com.mx failed: Host desconocido. , archivo: C:\xampp\htdocs\lfm_admin\Libraries\Core\Conexion.php, linea: 18, codigo: 2002 [] []
[2026-06-06T07:55:36.250436-06:00] lfmcontrol.ERROR: mensaje: SQLSTATE[HY000] [2002] php_network_getaddresses: getaddrinfo for lfmcontrol.com.mx failed: Host desconocido. , archivo: C:\xampp\htdocs\lfm_admin\Libraries\Core\Conexion.php, linea: 18, codigo: 2002 [] []
[2026-06-06T07:55:36.261159-06:00] lfmcontrol.ERROR: mensaje: SQLSTATE[HY000] [2002] php_network_getaddresses: getaddrinfo for lfmcontrol.com.mx failed: Host desconocido. , archivo: C:\xampp\htdocs\lfm_admin\Libraries\Core\Conexion.php, linea: 18, codigo: 2002 [] []
[2026-06-06T07:55:36.262148-06:00] lfmcontrol.ERROR: mensaje: Call to a member function prepare() on null, archivo: C:\xampp\htdocs\lfm_admin\Libraries\Core\Mysql.php, linea: 125, codigo: 0 [] []
[2026-06-06T07:55:36.262867-06:00] lfmcontrol.WARNING: Usuario o Password No Válido [] []
[2026-06-06T07:55:40.625485-06:00] lfmcontrol.ERROR: mensaje: SQLSTATE[HY000] [2002] php_network_getaddresses: getaddrinfo for lfmcontrol.com.mx failed: Host desconocido. , archivo: C:\xampp\htdocs\lfm_admin\Libraries\Core\Conexion.php, linea: 18, codigo: 2002 [] []
[2026-06-06T07:55:40.632353-06:00] lfmcontrol.ERROR: mensaje: SQLSTATE[HY000] [2002] php_network_getaddresses: getaddrinfo for lfmcontrol.com.mx failed: Host desconocido. , archivo: C:\xampp\htdocs\lfm_admin\Libraries\Core\Conexion.php, linea: 18, codigo: 2002 [] []
[2026-06-06T07:55:40.633586-06:00] lfmcontrol.ERROR: mensaje: Call to a member function prepare() on null, archivo: C:\xampp\htdocs\lfm_admin\Libraries\Core\Mysql.php, linea: 125, codigo: 0 [] []
[2026-06-06T07:55:40.634658-06:00] lfmcontrol.WARNING: Usuario o Password No Válido [] []
